snapshot=4242424242424242424242424242424242424242424242424242424242424242 files=11 symbols=35 edges=64 unresolved=14 ranking=1
symbol_digest=3d8c6473b48b77514221cb5c54a45d82e936095cba4e13497cdeae3dd8b03b3e
edge_digest=795bbea09d2cfe7c1c91ba34186eae2a595beee912cc0d05ab04c32630f3df7f
candidate_digest=08cd4f79050a46b04715a8a708d60626dc82c05998182c78d114dbad28de3be2
rank_digest=6574fea680ca98819e0b84706ca422c408e41acdb9c2b46523c9af72f077e573
edge_kind Contains=24
edge_kind Defines=11
edge_kind Imports=6
edge_kind Exports=15
edge_kind Calls=5
edge_kind Extends=1
edge_kind Configures=1
edge_kind Builds=1
resolution AdapterLocalSymbol=49
resolution AdapterFile=1
resolution ExactModuleReference=10
resolution UniqueFileLocalName=3
resolution UniqueQualifiedName=1
candidate_kind Imports=1
candidate_kind Exports=1
candidate_kind Calls=10
candidate_kind Tests=2
candidate_reason NoDeterministicMatch=8
candidate_reason DynamicReference=6
top label=python/pyproject.toml::fixture-python#2 score=9400 centrality=2000 entry=5000 export=2000 manifest=1500 test=0
top label=src/lib.rs::lib#1 score=8300 centrality=8000 entry=5000 export=0 manifest=0 test=0
top label=python/pyproject.toml::graph-linker-fixture#1 score=7400 centrality=2000 entry=5000 export=0 manifest=1500 test=0
top label=Cargo.toml::fixture-app#2 score=7400 centrality=2000 entry=5000 export=0 manifest=1500 test=0
top label=python/sample/service.py::main#5 score=7100 centrality=10000 entry=0 export=2000 manifest=1500 test=0
top label=web/main.ts::main#1 score=6900 centrality=4000 entry=5000 export=0 manifest=0 test=0
top label=python/sample/service.py::Service#2 score=6000 centrality=10000 entry=0 export=2000 manifest=0 test=0
top label=src/main.rs::main#1 score=5900 centrality=2000 entry=5000 export=0 manifest=0 test=0
top label=python/sample/__init__.py::sample#1 score=5900 centrality=2000 entry=5000 export=0 manifest=0 test=0
top label=src/main.rs::main#2 score=5800 centrality=2000 entry=5000 export=0 manifest=0 test=0
